// Jest Snapshot v1, https://goo.gl/fbAQLP

exports[`should render expense list with empty msg 1`] = `
<div>
  <p>
    No expenses.
  </p>
</div>
`;

exports[`should render expense list with the expenses 1`] = `
<div>
  <ExpenseListItem
    amount={19500}
    createdAt={0}
    desc="rent"
    id="1"
    key="1"
    note=""
  />
  <ExpenseListItem
    amount={100}
    createdAt={-345600000}
    desc="gum"
    id="2"
    key="2"
    note=""
  />
  <ExpenseListItem
    amount={3500}
    createdAt={345600000}
    desc="cce bill"
    id="3"
    key="3"
    note=""
  />
</div>
`;
