// Jest Snapshot v1, https://goo.gl/fbAQLP

exports[`Expense dashboard should be displayed to user. 1`] = `
<div>
  <Connect(ExpenseListFilters) />
  <Connect(ExpenseList) />
</div>
`;
