// Jest Snapshot v1, https://goo.gl/fbAQLP

exports[`Help page should be displayed to user. 1`] = `
<div>
  Help.
</div>
`;
